Archive member included to satisfy reference by file (symbol)

/Applications/Ac6/SystemWorkbench.app/Contents/Eclipse/plugins/fr.ac6.mcu.externaltools.arm-none.macos64_1.16.0.201807130628/tools/compiler/bin/../lib/gcc/arm-none-eabi/7.2.1/../../../../arm-none-eabi/lib/thumb/v7e-m/fpv4-sp/hard/libc_nano.a(lib_a-exit.o)
                              /Applications/Ac6/SystemWorkbench.app/Contents/Eclipse/plugins/fr.ac6.mcu.externaltools.arm-none.macos64_1.16.0.201807130628/tools/compiler/bin/../lib/gcc/arm-none-eabi/7.2.1/../../../../arm-none-eabi/lib/thumb/v7e-m/fpv4-sp/hard/crt0.o (exit)
/Applications/Ac6/SystemWorkbench.app/Contents/Eclipse/plugins/fr.ac6.mcu.externaltools.arm-none.macos64_1.16.0.201807130628/tools/compiler/bin/../lib/gcc/arm-none-eabi/7.2.1/../../../../arm-none-eabi/lib/thumb/v7e-m/fpv4-sp/hard/libc_nano.a(lib_a-impure.o)
                              /Applications/Ac6/SystemWorkbench.app/Contents/Eclipse/plugins/fr.ac6.mcu.externaltools.arm-none.macos64_1.16.0.201807130628/tools/compiler/bin/../lib/gcc/arm-none-eabi/7.2.1/../../../../arm-none-eabi/lib/thumb/v7e-m/fpv4-sp/hard/libc_nano.a(lib_a-exit.o) (_global_impure_ptr)
/Applications/Ac6/SystemWorkbench.app/Contents/Eclipse/plugins/fr.ac6.mcu.externaltools.arm-none.macos64_1.16.0.201807130628/tools/compiler/bin/../lib/gcc/arm-none-eabi/7.2.1/../../../../arm-none-eabi/lib/thumb/v7e-m/fpv4-sp/hard/libc_nano.a(lib_a-init.o)
                              /Applications/Ac6/SystemWorkbench.app/Contents/Eclipse/plugins/fr.ac6.mcu.externaltools.arm-none.macos64_1.16.0.201807130628/tools/compiler/bin/../lib/gcc/arm-none-eabi/7.2.1/../../../../arm-none-eabi/lib/thumb/v7e-m/fpv4-sp/hard/crt0.o (__libc_init_array)
/Applications/Ac6/SystemWorkbench.app/Contents/Eclipse/plugins/fr.ac6.mcu.externaltools.arm-none.macos64_1.16.0.201807130628/tools/compiler/bin/../lib/gcc/arm-none-eabi/7.2.1/../../../../arm-none-eabi/lib/thumb/v7e-m/fpv4-sp/hard/libc_nano.a(lib_a-memset.o)
                              /Applications/Ac6/SystemWorkbench.app/Contents/Eclipse/plugins/fr.ac6.mcu.externaltools.arm-none.macos64_1.16.0.201807130628/tools/compiler/bin/../lib/gcc/arm-none-eabi/7.2.1/../../../../arm-none-eabi/lib/thumb/v7e-m/fpv4-sp/hard/crt0.o (memset)
/Applications/Ac6/SystemWorkbench.app/Contents/Eclipse/plugins/fr.ac6.mcu.externaltools.arm-none.macos64_1.16.0.201807130628/tools/compiler/bin/../lib/gcc/arm-none-eabi/7.2.1/../../../../arm-none-eabi/lib/thumb/v7e-m/fpv4-sp/hard/libnosys.a(_exit.o)
                              /Applications/Ac6/SystemWorkbench.app/Contents/Eclipse/plugins/fr.ac6.mcu.externaltools.arm-none.macos64_1.16.0.201807130628/tools/compiler/bin/../lib/gcc/arm-none-eabi/7.2.1/../../../../arm-none-eabi/lib/thumb/v7e-m/fpv4-sp/hard/libc_nano.a(lib_a-exit.o) (_exit)

Allocating common symbols
Common symbol       size              file

uwTick              0x4               Drivers/STM32F3xx_HAL_Driver/Src/stm32f3xx_hal.o
pFlash              0x20              Drivers/STM32F3xx_HAL_Driver/Src/stm32f3xx_hal_flash.o

Discarded input sections

 .text          0x0000000000000000        0x0 /Applications/Ac6/SystemWorkbench.app/Contents/Eclipse/plugins/fr.ac6.mcu.externaltools.arm-none.macos64_1.16.0.201807130628/tools/compiler/bin/../lib/gcc/arm-none-eabi/7.2.1/thumb/v7e-m/fpv4-sp/hard/crti.o
 .data          0x0000000000000000        0x0 /Applications/Ac6/SystemWorkbench.app/Contents/Eclipse/plugins/fr.ac6.mcu.externaltools.arm-none.macos64_1.16.0.201807130628/tools/compiler/bin/../lib/gcc/arm-none-eabi/7.2.1/thumb/v7e-m/fpv4-sp/hard/crti.o
 .bss           0x0000000000000000        0x0 /Applications/Ac6/SystemWorkbench.app/Contents/Eclipse/plugins/fr.ac6.mcu.externaltools.arm-none.macos64_1.16.0.201807130628/tools/compiler/bin/../lib/gcc/arm-none-eabi/7.2.1/thumb/v7e-m/fpv4-sp/hard/crti.o
 .data          0x0000000000000000        0x4 /Applications/Ac6/SystemWorkbench.app/Contents/Eclipse/plugins/fr.ac6.mcu.externaltools.arm-none.macos64_1.16.0.201807130628/tools/compiler/bin/../lib/gcc/arm-none-eabi/7.2.1/thumb/v7e-m/fpv4-sp/hard/crtbegin.o
 .text          0x0000000000000000       0x74 /Applications/Ac6/SystemWorkbench.app/Contents/Eclipse/plugins/fr.ac6.mcu.externaltools.arm-none.macos64_1.16.0.201807130628/tools/compiler/bin/../lib/gcc/arm-none-eabi/7.2.1/../../../../arm-none-eabi/lib/thumb/v7e-m/fpv4-sp/hard/crt0.o
 .data          0x0000000000000000        0x0 /Applications/Ac6/SystemWorkbench.app/Contents/Eclipse/plugins/fr.ac6.mcu.externaltools.arm-none.macos64_1.16.0.201807130628/tools/compiler/bin/../lib/gcc/arm-none-eabi/7.2.1/../../../../arm-none-eabi/lib/thumb/v7e-m/fpv4-sp/hard/crt0.o
 .bss           0x0000000000000000        0x0 /Applications/Ac6/SystemWorkbench.app/Contents/Eclipse/plugins/fr.ac6.mcu.externaltools.arm-none.macos64_1.16.0.201807130628/tools/compiler/bin/../lib/gcc/arm-none-eabi/7.2.1/../../../../arm-none-eabi/lib/thumb/v7e-m/fpv4-sp/hard/crt0.o
[...]
Memory Configuration

Name             Origin             Length             Attributes
RAM              0x0000000020000000 0x000000000000a000 xrw
CCMRAM           0x0000000010000000 0x0000000000002000 rw
FLASH            0x0000000008000000 0x0000000000040000 xr
*default*        0x0000000000000000 0xffffffffffffffff

Linker script and memory map

LOAD /Applications/Ac6/SystemWorkbench.app/Contents/Eclipse/plugins/fr.ac6.mcu.externaltools.arm-none.macos64_1.16.0.201807130628/tools/compiler/bin/../lib/gcc/arm-none-eabi/7.2.1/thumb/v7e-m/fpv4-sp/hard/crti.o
LOAD /Applications/Ac6/SystemWorkbench.app/Contents/Eclipse/plugins/fr.ac6.mcu.externaltools.arm-none.macos64_1.16.0.201807130628/tools/compiler/bin/../lib/gcc/arm-none-eabi/7.2.1/thumb/v7e-m/fpv4-sp/hard/crtbegin.o
LOAD /Applications/Ac6/SystemWorkbench.app/Contents/Eclipse/plugins/fr.ac6.mcu.externaltools.arm-none.macos64_1.16.0.201807130628/tools/compiler/bin/../lib/gcc/arm-none-eabi/7.2.1/../../../../arm-none-eabi/lib/thumb/v7e-m/fpv4-sp/hard/crt0.o
LOAD Drivers/STM32F3xx_HAL_Driver/Src/stm32f3xx_hal.o
LOAD Drivers/STM32F3xx_HAL_Driver/Src/stm32f3xx_hal_cortex.o
LOAD Drivers/STM32F3xx_HAL_Driver/Src/stm32f3xx_hal_dma.o
LOAD Drivers/STM32F3xx_HAL_Driver/Src/stm32f3xx_hal_flash.o
LOAD Drivers/STM32F3xx_HAL_Driver/Src/stm32f3xx_hal_flash_ex.o
LOAD Drivers/STM32F3xx_HAL_Driver/Src/stm32f3xx_hal_gpio.o
LOAD Drivers/STM32F3xx_HAL_Driver/Src/stm32f3xx_hal_i2c.o
LOAD Drivers/STM32F3xx_HAL_Driver/Src/stm32f3xx_hal_i2c_ex.o
LOAD Drivers/STM32F3xx_HAL_Driver/Src/stm32f3xx_hal_pwr.o
LOAD Drivers/STM32F3xx_HAL_Driver/Src/stm32f3xx_hal_pwr_ex.o
LOAD Drivers/STM32F3xx_HAL_Driver/Src/stm32f3xx_hal_rcc.o
LOAD Drivers/STM32F3xx_HAL_Driver/Src/stm32f3xx_hal_rcc_ex.o
LOAD Drivers/STM32F3xx_HAL_Driver/Src/stm32f3xx_hal_tim.o
LOAD Drivers/STM32F3xx_HAL_Driver/Src/stm32f3xx_hal_tim_ex.o
LOAD Src/gpio.o
LOAD Src/main.o
LOAD Src/stm32f3xx_hal_msp.o
LOAD Src/stm32f3xx_it.o
LOAD Src/system_stm32f3xx.o
LOAD startup/startup_stm32f303xc.o
LOAD /Applications/Ac6/SystemWorkbench.app/Contents/Eclipse/plugins/fr.ac6.mcu.externaltools.arm-none.macos64_1.16.0.201807130628/tools/compiler/bin/../lib/gcc/arm-none-eabi/7.2.1/../../../../arm-none-eabi/lib/thumb/v7e-m/fpv4-sp/hard/libm.a
START GROUP
LOAD /Applications/Ac6/SystemWorkbench.app/Contents/Eclipse/plugins/fr.ac6.mcu.externaltools.arm-none.macos64_1.16.0.201807130628/tools/compiler/bin/../lib/gcc/arm-none-eabi/7.2.1/thumb/v7e-m/fpv4-sp/hard/libgcc.a
LOAD /Applications/Ac6/SystemWorkbench.app/Contents/Eclipse/plugins/fr.ac6.mcu.externaltools.arm-none.macos64_1.16.0.201807130628/tools/compiler/bin/../lib/gcc/arm-none-eabi/7.2.1/../../../../arm-none-eabi/lib/thumb/v7e-m/fpv4-sp/hard/libc_nano.a
END GROUP
START GROUP
LOAD /Applications/Ac6/SystemWorkbench.app/Contents/Eclipse/plugins/fr.ac6.mcu.externaltools.arm-none.macos64_1.16.0.201807130628/tools/compiler/bin/../lib/gcc/arm-none-eabi/7.2.1/thumb/v7e-m/fpv4-sp/hard/libgcc.a
LOAD /Applications/Ac6/SystemWorkbench.app/Contents/Eclipse/plugins/fr.ac6.mcu.externaltools.arm-none.macos64_1.16.0.201807130628/tools/compiler/bin/../lib/gcc/arm-none-eabi/7.2.1/../../../../arm-none-eabi/lib/thumb/v7e-m/fpv4-sp/hard/libc_nano.a
LOAD /Applications/Ac6/SystemWorkbench.app/Contents/Eclipse/plugins/fr.ac6.mcu.externaltools.arm-none.macos64_1.16.0.201807130628/tools/compiler/bin/../lib/gcc/arm-none-eabi/7.2.1/../../../../arm-none-eabi/lib/thumb/v7e-m/fpv4-sp/hard/libnosys.a
END GROUP
START GROUP
LOAD /Applications/Ac6/SystemWorkbench.app/Contents/Eclipse/plugins/fr.ac6.mcu.externaltools.arm-none.macos64_1.16.0.201807130628/tools/compiler/bin/../lib/gcc/arm-none-eabi/7.2.1/thumb/v7e-m/fpv4-sp/hard/libgcc.a
LOAD /Applications/Ac6/SystemWorkbench.app/Contents/Eclipse/plugins/fr.ac6.mcu.externaltools.arm-none.macos64_1.16.0.201807130628/tools/compiler/bin/../lib/gcc/arm-none-eabi/7.2.1/../../../../arm-none-eabi/lib/thumb/v7e-m/fpv4-sp/hard/libc_nano.a
LOAD /Applications/Ac6/SystemWorkbench.app/Contents/Eclipse/plugins/fr.ac6.mcu.externaltools.arm-none.macos64_1.16.0.201807130628/tools/compiler/bin/../lib/gcc/arm-none-eabi/7.2.1/../../../../arm-none-eabi/lib/thumb/v7e-m/fpv4-sp/hard/libnosys.a
END GROUP
LOAD /Applications/Ac6/SystemWorkbench.app/Contents/Eclipse/plugins/fr.ac6.mcu.externaltools.arm-none.macos64_1.16.0.201807130628/tools/compiler/bin/../lib/gcc/arm-none-eabi/7.2.1/thumb/v7e-m/fpv4-sp/hard/crtend.o
LOAD /Applications/Ac6/SystemWorkbench.app/Contents/Eclipse/plugins/fr.ac6.mcu.externaltools.arm-none.macos64_1.16.0.201807130628/tools/compiler/bin/../lib/gcc/arm-none-eabi/7.2.1/thumb/v7e-m/fpv4-sp/hard/crtn.o
                0x000000002000a000                _estack = 0x2000a000
                0x0000000000000200                _Min_Heap_Size = 0x200
                0x0000000000000400                _Min_Stack_Size = 0x400

.isr_vector     0x0000000008000000      0x188
                0x0000000008000000                . = ALIGN (0x4)
 *(.isr_vector)
 .isr_vector    0x0000000008000000      0x188 startup/startup_stm32f303xc.o
                0x0000000008000000                g_pfnVectors
                0x0000000008000188                . = ALIGN (0x4)

.text           0x0000000008000188     0x12ac
                0x0000000008000188                . = ALIGN (0x4)
 *(.text)
 .text          0x0000000008000188       0x40 /Applications/Ac6/SystemWorkbench.app/Contents/Eclipse/plugins/fr.ac6.mcu.externaltools.arm-none.macos64_1.16.0.201807130628/tools/compiler/bin/../lib/gcc/arm-none-eabi/7.2.1/thumb/v7e-m/fpv4-sp/hard/crtbegin.o
 *(.text*)
 .text.HAL_InitTick
                0x00000000080001c8       0x48 Drivers/STM32F3xx_HAL_Driver/Src/stm32f3xx_hal.o
                0x00000000080001c8                HAL_InitTick
 .text.HAL_Init
                0x0000000008000210       0x24 Drivers/STM32F3xx_HAL_Driver/Src/stm32f3xx_hal.o
                0x0000000008000210                HAL_Init
 .text.HAL_IncTick
                0x0000000008000234       0x18 Drivers/STM32F3xx_HAL_Driver/Src/stm32f3xx_hal.o
                0x0000000008000234                HAL_IncTick
 .text.HAL_GetTick
                0x000000000800024c        0xc Drivers/STM32F3xx_HAL_Driver/Src/stm32f3xx_hal.o
                0x000000000800024c                HAL_GetTick
 .text.HAL_NVIC_SetPriorityGrouping
                0x0000000008000258       0x3c Drivers/STM32F3xx_HAL_Driver/Src/stm32f3xx_hal_cortex.o
                0x0000000008000258                HAL_NVIC_SetPriorityGrouping
 .text.HAL_NVIC_SetPriority
                0x0000000008000294       0x8c Drivers/STM32F3xx_HAL_Driver/Src/stm32f3xx_hal_cortex.o
                0x0000000008000294                HAL_NVIC_SetPriority
 .text.HAL_NVIC_EnableIRQ
                0x0000000008000320       0x2c Drivers/STM32F3xx_HAL_Driver/Src/stm32f3xx_hal_cortex.o
                0x0000000008000320                HAL_NVIC_EnableIRQ
 .text.HAL_SYSTICK_Config
                0x000000000800034c       0x2c Drivers/STM32F3xx_HAL_Driver/Src/stm32f3xx_hal_cortex.o
                0x000000000800034c                HAL_SYSTICK_Config
 .text.HAL_SYSTICK_CLKSourceConfig
                0x0000000008000378       0x3c Drivers/STM32F3xx_HAL_Driver/Src/stm32f3xx_hal_cortex.o
                0x0000000008000378                HAL_SYSTICK_CLKSourceConfig
 .text.HAL_SYSTICK_Callback
                0x00000000080003b4        0x2 Drivers/STM32F3xx_HAL_Driver/Src/stm32f3xx_hal_cortex.o
                0x00000000080003b4                HAL_SYSTICK_Callback
 .text.HAL_SYSTICK_IRQHandler
                0x00000000080003b6        0x8 Drivers/STM32F3xx_HAL_Driver/Src/stm32f3xx_hal_cortex.o
                0x00000000080003b6                HAL_SYSTICK_IRQHandler
 *fill*         0x00000000080003be        0x2 
 .text.HAL_GPIO_Init
                0x00000000080003c0      0x2bc Drivers/STM32F3xx_HAL_Driver/Src/stm32f3xx_hal_gpio.o
                0x00000000080003c0                HAL_GPIO_Init
 .text.HAL_GPIO_WritePin
                0x000000000800067c       0x34 Drivers/STM32F3xx_HAL_Driver/Src/stm32f3xx_hal_gpio.o
                0x000000000800067c                HAL_GPIO_WritePin
 .text.HAL_GPIO_EXTI_IRQHandler
                0x00000000080006b0       0x1c Drivers/STM32F3xx_HAL_Driver/Src/stm32f3xx_hal_gpio.o
                0x00000000080006b0                HAL_GPIO_EXTI_IRQHandler
 .text.HAL_RCC_OscConfig
                0x00000000080006cc      0x73c Drivers/STM32F3xx_HAL_Driver/Src/stm32f3xx_hal_rcc.o
                0x00000000080006cc                HAL_RCC_OscConfig
 .text.HAL_RCC_GetSysClockFreq
                0x0000000008000e08       0x70 Drivers/STM32F3xx_HAL_Driver/Src/stm32f3xx_hal_rcc.o
                0x0000000008000e08                HAL_RCC_GetSysClockFreq
 .text.HAL_RCC_ClockConfig
                0x0000000008000e78      0x258 Drivers/STM32F3xx_HAL_Driver/Src/stm32f3xx_hal_rcc.o
                0x0000000008000e78                HAL_RCC_ClockConfig
 .text.HAL_RCC_GetHCLKFreq
                0x00000000080010d0        0xc Drivers/STM32F3xx_HAL_Driver/Src/stm32f3xx_hal_rcc.o
                0x00000000080010d0                HAL_RCC_GetHCLKFreq
 .text.MX_GPIO_Init
                0x00000000080010dc       0x84 Src/gpio.o
                0x00000000080010dc                MX_GPIO_Init
 .text.HAL_GPIO_EXTI_Callback
                0x0000000008001160       0x40 Src/main.o
                0x0000000008001160                HAL_GPIO_EXTI_Callback
 .text._Error_Handler
                0x00000000080011a0        0x2 Src/main.o
                0x00000000080011a0                _Error_Handler
 *fill*         0x00000000080011a2        0x2 
 .text.SystemClock_Config
                0x00000000080011a4       0x80 Src/main.o
                0x00000000080011a4                SystemClock_Config
 .text.main     0x0000000008001224       0x38 Src/main.o
                0x0000000008001224                main
 .text.assert_failed
                0x000000000800125c        0x2 Src/main.o
                0x000000000800125c                assert_failed
 *fill*         0x000000000800125e        0x2 
 .text.HAL_MspInit
                0x0000000008001260       0x90 Src/stm32f3xx_hal_msp.o
                0x0000000008001260                HAL_MspInit
 .text.NMI_Handler
                0x00000000080012f0        0x2 Src/stm32f3xx_it.o
                0x00000000080012f0                NMI_Handler
 .text.HardFault_Handler
                0x00000000080012f2        0x2 Src/stm32f3xx_it.o
                0x00000000080012f2                HardFault_Handler
 .text.MemManage_Handler
                0x00000000080012f4        0x2 Src/stm32f3xx_it.o
                0x00000000080012f4                MemManage_Handler
 .text.BusFault_Handler
                0x00000000080012f6        0x2 Src/stm32f3xx_it.o
                0x00000000080012f6                BusFault_Handler
 .text.UsageFault_Handler
                0x00000000080012f8        0x2 Src/stm32f3xx_it.o
                0x00000000080012f8                UsageFault_Handler
 .text.SVC_Handler
                0x00000000080012fa        0x2 Src/stm32f3xx_it.o
                0x00000000080012fa                SVC_Handler
 .text.DebugMon_Handler
                0x00000000080012fc        0x2 Src/stm32f3xx_it.o
                0x00000000080012fc                DebugMon_Handler
 .text.PendSV_Handler
                0x00000000080012fe        0x2 Src/stm32f3xx_it.o
                0x00000000080012fe                PendSV_Handler
 .text.SysTick_Handler
                0x0000000008001300        0xc Src/stm32f3xx_it.o
                0x0000000008001300                SysTick_Handler
 .text.EXTI0_IRQHandler
                0x000000000800130c        0xa Src/stm32f3xx_it.o
                0x000000000800130c                EXTI0_IRQHandler
 *fill*         0x0000000008001316        0x2 
 .text.SystemInit
                0x0000000008001318       0x68 Src/system_stm32f3xx.o
                0x0000000008001318                SystemInit
 .text.Reset_Handler
                0x0000000008001380       0x50 startup/startup_stm32f303xc.o
                0x0000000008001380                Reset_Handler
 .text.Default_Handler
                0x00000000080013d0        0x2 startup/startup_stm32f303xc.o
                0x00000000080013d0                TIM1_BRK_TIM15_IRQHandler
                0x00000000080013d0                TIM8_TRG_COM_IRQHandler
                0x00000000080013d0                TIM8_CC_IRQHandler
                0x00000000080013d0                TIM1_CC_IRQHandler
                0x00000000080013d0                USB_HP_IRQHandler
                0x00000000080013d0                PVD_IRQHandler
                0x00000000080013d0                TAMP_STAMP_IRQHandler
                0x00000000080013d0                EXTI3_IRQHandler
                0x00000000080013d0                USB_HP_CAN_TX_IRQHandler
                0x00000000080013d0                I2C2_EV_IRQHandler
                0x00000000080013d0                FPU_IRQHandler
                0x00000000080013d0                TIM1_UP_TIM16_IRQHandler
                0x00000000080013d0                ADC1_2_IRQHandler
                0x00000000080013d0                SPI1_IRQHandler
                0x00000000080013d0                CAN_SCE_IRQHandler
                0x00000000080013d0                TIM6_DAC_IRQHandler
                0x00000000080013d0                TIM8_UP_IRQHandler
                0x00000000080013d0                DMA2_Channel2_IRQHandler
                0x00000000080013d0                DMA1_Channel4_IRQHandler
                0x00000000080013d0                USART3_IRQHandler
                0x00000000080013d0                DMA1_Channel7_IRQHandler
                0x00000000080013d0                UART5_IRQHandler
                0x00000000080013d0                ADC3_IRQHandler
                0x00000000080013d0                TIM4_IRQHandler
                0x00000000080013d0                CAN_RX1_IRQHandler
                0x00000000080013d0                DMA2_Channel1_IRQHandler
                0x00000000080013d0                I2C1_EV_IRQHandler
                0x00000000080013d0                DMA1_Channel6_IRQHandler
                0x00000000080013d0                UART4_IRQHandler
                0x00000000080013d0                DMA2_Channel4_IRQHandler
                0x00000000080013d0                TIM3_IRQHandler
                0x00000000080013d0                RCC_IRQHandler
                0x00000000080013d0                DMA1_Channel1_IRQHandler
                0x00000000080013d0                Default_Handler
                0x00000000080013d0                USBWakeUp_RMP_IRQHandler
                0x00000000080013d0                EXTI15_10_IRQHandler
                0x00000000080013d0                TIM7_IRQHandler
                0x00000000080013d0                EXTI9_5_IRQHandler
                0x00000000080013d0                RTC_WKUP_IRQHandler
                0x00000000080013d0                SPI2_IRQHandler
                0x00000000080013d0                USB_LP_CAN_RX0_IRQHandler
                0x00000000080013d0                DMA2_Channel5_IRQHandler
                0x00000000080013d0                DMA1_Channel5_IRQHandler
                0x00000000080013d0                USB_LP_IRQHandler
                0x00000000080013d0                EXTI4_IRQHandler
                0x00000000080013d0                TIM1_TRG_COM_TIM17_IRQHandler
                0x00000000080013d0                DMA1_Channel3_IRQHandler
                0x00000000080013d0                ADC4_IRQHandler
                0x00000000080013d0                WWDG_IRQHandler
                0x00000000080013d0                TIM2_IRQHandler
                0x00000000080013d0                COMP7_IRQHandler
                0x00000000080013d0                COMP1_2_3_IRQHandler
                0x00000000080013d0                EXTI1_IRQHandler
                0x00000000080013d0                USART2_IRQHandler
                0x00000000080013d0                COMP4_5_6_IRQHandler
                0x00000000080013d0                I2C2_ER_IRQHandler
                0x00000000080013d0                DMA1_Channel2_IRQHandler
                0x00000000080013d0                TIM8_BRK_IRQHandler
                0x00000000080013d0                FLASH_IRQHandler
                0x00000000080013d0                USART1_IRQHandler
                0x00000000080013d0                SPI3_IRQHandler
                0x00000000080013d0                I2C1_ER_IRQHandler
                0x00000000080013d0                USBWakeUp_IRQHandler
                0x00000000080013d0                DMA2_Channel3_IRQHandler
                0x00000000080013d0                EXTI2_TSC_IRQHandler
                0x00000000080013d0                RTC_Alarm_IRQHandler
 *fill*         0x00000000080013d2        0x2 
 .text.__libc_init_array
                0x00000000080013d4       0x48 /Applications/Ac6/SystemWorkbench.app/Contents/Eclipse/plugins/fr.ac6.mcu.externaltools.arm-none.macos64_1.16.0.201807130628/tools/compiler/bin/../lib/gcc/arm-none-eabi/7.2.1/../../../../arm-none-eabi/lib/thumb/v7e-m/fpv4-sp/hard/libc_nano.a(lib_a-init.o)
                0x00000000080013d4                __libc_init_array
 *(.glue_7)
 .glue_7        0x000000000800141c        0x0 linker stubs
 *(.glue_7t)
 .glue_7t       0x000000000800141c        0x0 linker stubs
 *(.eh_frame)
 .eh_frame      0x000000000800141c        0x0 /Applications/Ac6/SystemWorkbench.app/Contents/Eclipse/plugins/fr.ac6.mcu.externaltools.arm-none.macos64_1.16.0.201807130628/tools/compiler/bin/../lib/gcc/arm-none-eabi/7.2.1/thumb/v7e-m/fpv4-sp/hard/crtbegin.o
 *(.init)
 .init          0x000000000800141c        0x4 /Applications/Ac6/SystemWorkbench.app/Contents/Eclipse/plugins/fr.ac6.mcu.externaltools.arm-none.macos64_1.16.0.201807130628/tools/compiler/bin/../lib/gcc/arm-none-eabi/7.2.1/thumb/v7e-m/fpv4-sp/hard/crti.o
                0x000000000800141c                _init
 .init          0x0000000008001420        0x8 /Applications/Ac6/SystemWorkbench.app/Contents/Eclipse/plugins/fr.ac6.mcu.externaltools.arm-none.macos64_1.16.0.201807130628/tools/compiler/bin/../lib/gcc/arm-none-eabi/7.2.1/thumb/v7e-m/fpv4-sp/hard/crtn.o
 *(.fini)
 .fini          0x0000000008001428        0x4 /Applications/Ac6/SystemWorkbench.app/Contents/Eclipse/plugins/fr.ac6.mcu.externaltools.arm-none.macos64_1.16.0.201807130628/tools/compiler/bin/../lib/gcc/arm-none-eabi/7.2.1/thumb/v7e-m/fpv4-sp/hard/crti.o
                0x0000000008001428                _fini
 .fini          0x000000000800142c        0x8 /Applications/Ac6/SystemWorkbench.app/Contents/Eclipse/plugins/fr.ac6.mcu.externaltools.arm-none.macos64_1.16.0.201807130628/tools/compiler/bin/../lib/gcc/arm-none-eabi/7.2.1/thumb/v7e-m/fpv4-sp/hard/crtn.o
                0x0000000008001434                . = ALIGN (0x4)
                0x0000000008001434                _etext = .

.vfp11_veneer   0x0000000008001434        0x0
 .vfp11_veneer  0x0000000008001434        0x0 linker stubs

.v4_bx          0x0000000008001434        0x0
 .v4_bx         0x0000000008001434        0x0 linker stubs

.iplt           0x0000000008001434        0x0
 .iplt          0x0000000008001434        0x0 /Applications/Ac6/SystemWorkbench.app/Contents/Eclipse/plugins/fr.ac6.mcu.externaltools.arm-none.macos64_1.16.0.201807130628/tools/compiler/bin/../lib/gcc/arm-none-eabi/7.2.1/thumb/v7e-m/fpv4-sp/hard/crtbegin.o

.rodata         0x0000000008001434       0xf8
                0x0000000008001434                . = ALIGN (0x4)
 *(.rodata)
 .rodata        0x0000000008001434       0x20 Drivers/STM32F3xx_HAL_Driver/Src/stm32f3xx_hal_rcc.o
                0x0000000008001434                aPLLMULFactorTable
                0x0000000008001444                aPredivFactorTable
 .rodata        0x0000000008001454       0x18 Src/system_stm32f3xx.o
                0x0000000008001454                AHBPrescTable
                0x0000000008001464                APBPrescTable
 *(.rodata*)
 .rodata.str1.4
                0x000000000800146c       0x3b Drivers/STM32F3xx_HAL_Driver/Src/stm32f3xx_hal_cortex.o
 *fill*         0x00000000080014a7        0x1 
 .rodata.str1.4
                0x00000000080014a8       0x39 Drivers/STM32F3xx_HAL_Driver/Src/stm32f3xx_hal_gpio.o
 *fill*         0x00000000080014e1        0x3 
 .rodata.str1.4
                0x00000000080014e4       0x38 Drivers/STM32F3xx_HAL_Driver/Src/stm32f3xx_hal_rcc.o
 .rodata.str1.4
                0x000000000800151c       0x10 Src/main.o
                                          0xe (size before relaxing)
                0x000000000800152c                . = ALIGN (0x4)

.rel.dyn        0x000000000800152c        0x0
 .rel.iplt      0x000000000800152c        0x0 /Applications/Ac6/SystemWorkbench.app/Contents/Eclipse/plugins/fr.ac6.mcu.externaltools.arm-none.macos64_1.16.0.201807130628/tools/compiler/bin/../lib/gcc/arm-none-eabi/7.2.1/thumb/v7e-m/fpv4-sp/hard/crtbegin.o

.ARM.extab
 *(.ARM.extab* .gnu.linkonce.armextab.*)

.ARM            0x000000000800152c        0x0
                0x000000000800152c                __exidx_start = .
 *(.ARM.exidx*)
                0x000000000800152c                __exidx_end = .

.preinit_array  0x000000000800152c        0x0
                0x000000000800152c                PROVIDE (__preinit_array_start, .)
 *(.preinit_array*)
                0x000000000800152c                PROVIDE (__preinit_array_end, .)

.init_array     0x000000000800152c        0x4
                0x000000000800152c                PROVIDE (__init_array_start, .)
 *(SORT_BY_NAME(.init_array.*))
 *(.init_array*)
 .init_array    0x000000000800152c        0x4 /Applications/Ac6/SystemWorkbench.app/Contents/Eclipse/plugins/fr.ac6.mcu.externaltools.arm-none.macos64_1.16.0.201807130628/tools/compiler/bin/../lib/gcc/arm-none-eabi/7.2.1/thumb/v7e-m/fpv4-sp/hard/crtbegin.o
                0x0000000008001530                PROVIDE (__init_array_end, .)

.fini_array     0x0000000008001530        0x4
                [!provide]                        PROVIDE (__fini_array_start, .)
 *(SORT_BY_NAME(.fini_array.*))
 *(.fini_array*)
 .fini_array    0x0000000008001530        0x4 /Applications/Ac6/SystemWorkbench.app/Contents/Eclipse/plugins/fr.ac6.mcu.externaltools.arm-none.macos64_1.16.0.201807130628/tools/compiler/bin/../lib/gcc/arm-none-eabi/7.2.1/thumb/v7e-m/fpv4-sp/hard/crtbegin.o
                [!provide]                        PROVIDE (__fini_array_end, .)
                0x0000000008001534                _sidata = LOADADDR (.data)

.data           0x0000000020000000        0xc load address 0x0000000008001534
                0x0000000020000000                . = ALIGN (0x4)
                0x0000000020000000                _sdata = .
 *(.data)
 .data          0x0000000020000000        0x8 Drivers/STM32F3xx_HAL_Driver/Src/stm32f3xx_hal.o
                0x0000000020000000                uwTickFreq
                0x0000000020000004                uwTickPrio
 .data          0x0000000020000008        0x4 Src/system_stm32f3xx.o
                0x0000000020000008                SystemCoreClock
 *(.data*)
                0x000000002000000c                . = ALIGN (0x4)
                0x000000002000000c                _edata = .
                0x0000000008001540                _siccmram = LOADADDR (.ccmram)

.igot.plt       0x000000002000000c        0x0 load address 0x0000000008001540
 .igot.plt      0x000000002000000c        0x0 /Applications/Ac6/SystemWorkbench.app/Contents/Eclipse/plugins/fr.ac6.mcu.externaltools.arm-none.macos64_1.16.0.201807130628/tools/compiler/bin/../lib/gcc/arm-none-eabi/7.2.1/thumb/v7e-m/fpv4-sp/hard/crtbegin.o

.ccmram         0x0000000010000000        0x0 load address 0x0000000008001540
                0x0000000010000000                . = ALIGN (0x4)
                0x0000000010000000                _sccmram = .
 *(.ccmram)
 *(.ccmram*)
                0x0000000010000000                . = ALIGN (0x4)
                0x0000000010000000                _eccmram = .
                0x0000000010000000                . = ALIGN (0x4)

.bss            0x000000002000000c       0x2c
                0x000000002000000c                _sbss = .
                0x000000002000000c                __bss_start__ = _sbss
 *(.bss)
 .bss           0x000000002000000c       0x1c /Applications/Ac6/SystemWorkbench.app/Contents/Eclipse/plugins/fr.ac6.mcu.externaltools.arm-none.macos64_1.16.0.201807130628/tools/compiler/bin/../lib/gcc/arm-none-eabi/7.2.1/thumb/v7e-m/fpv4-sp/hard/crtbegin.o
 .bss           0x0000000020000028        0xc Src/main.o
                0x000000002000002c                button_is_pressed
                0x0000000020000030                pressed
 *(.bss*)
 *(COMMON)
 COMMON         0x0000000020000034        0x4 Drivers/STM32F3xx_HAL_Driver/Src/stm32f3xx_hal.o
                0x0000000020000034                uwTick
                0x0000000020000038                . = ALIGN (0x4)
                0x0000000020000038                _ebss = .
                0x0000000020000038                __bss_end__ = _ebss

._user_heap_stack
                0x0000000020000038      0x600
                0x0000000020000038                . = ALIGN (0x8)
                [!provide]                        PROVIDE (end, .)
                [!provide]                        PROVIDE (_end, .)
                0x0000000020000238                . = (. + _Min_Heap_Size)
 *fill*         0x0000000020000038      0x200 
                0x0000000020000638                . = (. + _Min_Stack_Size)
 *fill*         0x0000000020000238      0x400 
                0x0000000020000638                . = ALIGN (0x8)

/DISCARD/
 libc.a(*)
 libm.a(*)
 libgcc.a(*)

.ARM.attributes
                0x0000000000000000       0x30
 *(.ARM.attributes)
 .ARM.attributes
                0x0000000000000000       0x22 /Applications/Ac6/SystemWorkbench.app/Contents/Eclipse/plugins/fr.ac6.mcu.externaltools.arm-none.macos64_1.16.0.201807130628/tools/compiler/bin/../lib/gcc/arm-none-eabi/7.2.1/thumb/v7e-m/fpv4-sp/hard/crti.o
 .ARM.attributes
                0x0000000000000022       0x34 /Applications/Ac6/SystemWorkbench.app/Contents/Eclipse/plugins/fr.ac6.mcu.externaltools.arm-none.macos64_1.16.0.201807130628/tools/compiler/bin/../lib/gcc/arm-none-eabi/7.2.1/thumb/v7e-m/fpv4-sp/hard/crtbegin.o
 .ARM.attributes
                0x0000000000000056       0x39 Drivers/STM32F3xx_HAL_Driver/Src/stm32f3xx_hal.o
 .ARM.attributes
                0x000000000000008f       0x39 Drivers/STM32F3xx_HAL_Driver/Src/stm32f3xx_hal_cortex.o
 .ARM.attributes
                0x00000000000000c8       0x39 Drivers/STM32F3xx_HAL_Driver/Src/stm32f3xx_hal_gpio.o
 .ARM.attributes
                0x0000000000000101       0x39 Drivers/STM32F3xx_HAL_Driver/Src/stm32f3xx_hal_rcc.o
 .ARM.attributes
                0x000000000000013a       0x39 Src/gpio.o
 .ARM.attributes
                0x0000000000000173       0x39 Src/main.o
 .ARM.attributes
                0x00000000000001ac       0x39 Src/stm32f3xx_hal_msp.o
 .ARM.attributes
                0x00000000000001e5       0x39 Src/stm32f3xx_it.o
 .ARM.attributes
                0x000000000000021e       0x39 Src/system_stm32f3xx.o
 .ARM.attributes
                0x0000000000000257       0x21 startup/startup_stm32f303xc.o
 .ARM.attributes
                0x0000000000000278       0x34 /Applications/Ac6/SystemWorkbench.app/Contents/Eclipse/plugins/fr.ac6.mcu.externaltools.arm-none.macos64_1.16.0.201807130628/tools/compiler/bin/../lib/gcc/arm-none-eabi/7.2.1/../../../../arm-none-eabi/lib/thumb/v7e-m/fpv4-sp/hard/libc_nano.a(lib_a-init.o)
 .ARM.attributes
                0x00000000000002ac       0x22 /Applications/Ac6/SystemWorkbench.app/Contents/Eclipse/plugins/fr.ac6.mcu.externaltools.arm-none.macos64_1.16.0.201807130628/tools/compiler/bin/../lib/gcc/arm-none-eabi/7.2.1/thumb/v7e-m/fpv4-sp/hard/crtn.o
OUTPUT(Counter.elf elf32-littlearm)

.debug_info     0x0000000000000000     0x9cfc
 .debug_info    0x0000000000000000     0x10c6 Drivers/STM32F3xx_HAL_Driver/Src/stm32f3xx_hal.o
 .debug_info    0x00000000000010c6     0x1931 Drivers/STM32F3xx_HAL_Driver/Src/stm32f3xx_hal_cortex.o
 .debug_info    0x00000000000029f7     0x1109 Drivers/STM32F3xx_HAL_Driver/Src/stm32f3xx_hal_gpio.o
 .debug_info    0x0000000000003b00     0x1f04 Drivers/STM32F3xx_HAL_Driver/Src/stm32f3xx_hal_rcc.o
 .debug_info    0x0000000000005a04      0xe60 Src/gpio.o
 .debug_info    0x0000000000006864      0xfe4 Src/main.o
 .debug_info    0x0000000000007848      0xd6b Src/stm32f3xx_hal_msp.o
 .debug_info    0x00000000000085b3      0xaa5 Src/stm32f3xx_it.o
 .debug_info    0x0000000000009058      0xc82 Src/system_stm32f3xx.o
 .debug_info    0x0000000000009cda       0x22 startup/startup_stm32f303xc.o

.debug_abbrev   0x0000000000000000     0x1830
 .debug_abbrev  0x0000000000000000      0x2e1 Drivers/STM32F3xx_HAL_Driver/Src/stm32f3xx_hal.o
 .debug_abbrev  0x00000000000002e1      0x3b5 Drivers/STM32F3xx_HAL_Driver/Src/stm32f3xx_hal_cortex.o
 .debug_abbrev  0x0000000000000696      0x2de Drivers/STM32F3xx_HAL_Driver/Src/stm32f3xx_hal_gpio.o
 .debug_abbrev  0x0000000000000974      0x356 Drivers/STM32F3xx_HAL_Driver/Src/stm32f3xx_hal_rcc.o
 .debug_abbrev  0x0000000000000cca      0x234 Src/gpio.o
 .debug_abbrev  0x0000000000000efe      0x2b5 Src/main.o
 .debug_abbrev  0x00000000000011b3      0x234 Src/stm32f3xx_hal_msp.o
 .debug_abbrev  0x00000000000013e7      0x218 Src/stm32f3xx_it.o
 .debug_abbrev  0x00000000000015ff      0x21f Src/system_stm32f3xx.o
 .debug_abbrev  0x000000000000181e       0x12 startup/startup_stm32f303xc.o

.debug_loc      0x0000000000000000     0x1811
 .debug_loc     0x0000000000000000       0xee Drivers/STM32F3xx_HAL_Driver/Src/stm32f3xx_hal.o
 .debug_loc     0x00000000000000ee      0x730 Drivers/STM32F3xx_HAL_Driver/Src/stm32f3xx_hal_cortex.o
 .debug_loc     0x000000000000081e      0x4f4 Drivers/STM32F3xx_HAL_Driver/Src/stm32f3xx_hal_gpio.o
 .debug_loc     0x0000000000000d12      0x9df Drivers/STM32F3xx_HAL_Driver/Src/stm32f3xx_hal_rcc.o
 .debug_loc     0x00000000000016f1       0x21 Src/main.o
 .debug_loc     0x0000000000001712       0xff Src/system_stm32f3xx.o

.debug_aranges  0x0000000000000000      0x3a0
 .debug_aranges
                0x0000000000000000       0xe0 Drivers/STM32F3xx_HAL_Driver/Src/stm32f3xx_hal.o
 .debug_aranges
                0x00000000000000e0       0xa8 Drivers/STM32F3xx_HAL_Driver/Src/stm32f3xx_hal_cortex.o
 .debug_aranges
                0x0000000000000188       0x58 Drivers/STM32F3xx_HAL_Driver/Src/stm32f3xx_hal_gpio.o
 .debug_aranges
                0x00000000000001e0       0x88 Drivers/STM32F3xx_HAL_Driver/Src/stm32f3xx_hal_rcc.o
 .debug_aranges
                0x0000000000000268       0x20 Src/gpio.o
 .debug_aranges
                0x0000000000000288       0x40 Src/main.o
 .debug_aranges
                0x00000000000002c8       0x20 Src/stm32f3xx_hal_msp.o
 .debug_aranges
                0x00000000000002e8       0x68 Src/stm32f3xx_it.o
 .debug_aranges
                0x0000000000000350       0x28 Src/system_stm32f3xx.o
 .debug_aranges
                0x0000000000000378       0x28 startup/startup_stm32f303xc.o

.debug_ranges   0x0000000000000000      0x3a0
 .debug_ranges  0x0000000000000000       0xd0 Drivers/STM32F3xx_HAL_Driver/Src/stm32f3xx_hal.o
 .debug_ranges  0x00000000000000d0       0xf8 Drivers/STM32F3xx_HAL_Driver/Src/stm32f3xx_hal_cortex.o
 .debug_ranges  0x00000000000001c8       0x48 Drivers/STM32F3xx_HAL_Driver/Src/stm32f3xx_hal_gpio.o
 .debug_ranges  0x0000000000000210       0x98 Drivers/STM32F3xx_HAL_Driver/Src/stm32f3xx_hal_rcc.o
 .debug_ranges  0x00000000000002a8       0x10 Src/gpio.o
 .debug_ranges  0x00000000000002b8       0x48 Src/main.o
 .debug_ranges  0x0000000000000300       0x10 Src/stm32f3xx_hal_msp.o
 .debug_ranges  0x0000000000000310       0x58 Src/stm32f3xx_it.o
 .debug_ranges  0x0000000000000368       0x18 Src/system_stm32f3xx.o
 .debug_ranges  0x0000000000000380       0x20 startup/startup_stm32f303xc.o

.debug_macro    0x0000000000000000    0x191d7
 .debug_macro   0x0000000000000000      0x31d Drivers/STM32F3xx_HAL_Driver/Src/stm32f3xx_hal.o
 .debug_macro   0x000000000000031d      0xa60 Drivers/STM32F3xx_HAL_Driver/Src/stm32f3xx_hal.o
 .debug_macro   0x0000000000000d7d       0x16 Drivers/STM32F3xx_HAL_Driver/Src/stm32f3xx_hal.o
 .debug_macro   0x0000000000000d93       0xa0 Drivers/STM32F3xx_HAL_Driver/Src/stm32f3xx_hal.o
 .debug_macro   0x0000000000000e33       0x2f Drivers/STM32F3xx_HAL_Driver/Src/stm32f3xx_hal.o
 .debug_macro   0x0000000000000e62       0x28 Drivers/STM32F3xx_HAL_Driver/Src/stm32f3xx_hal.o
 .debug_macro   0x0000000000000e8a       0x22 Drivers/STM32F3xx_HAL_Driver/Src/stm32f3xx_hal.o
 .debug_macro   0x0000000000000eac       0x87 Drivers/STM32F3xx_HAL_Driver/Src/stm32f3xx_hal.o
 .debug_macro   0x0000000000000f33       0x51 Drivers/STM32F3xx_HAL_Driver/Src/stm32f3xx_hal.o
 .debug_macro   0x0000000000000f84       0xef Drivers/STM32F3xx_HAL_Driver/Src/stm32f3xx_hal.o
 .debug_macro   0x0000000000001073       0x6a Drivers/STM32F3xx_HAL_Driver/Src/stm32f3xx_hal.o
 .debug_macro   0x00000000000010dd      0x1df Drivers/STM32F3xx_HAL_Driver/Src/stm32f3xx_hal.o
 .debug_macro   0x00000000000012bc       0x35 Drivers/STM32F3xx_HAL_Driver/Src/stm32f3xx_hal.o
 .debug_macro   0x00000000000012f1       0x50 Drivers/STM32F3xx_HAL_Driver/Src/stm32f3xx_hal.o
 .debug_macro   0x0000000000001341      0xe66 Drivers/STM32F3xx_HAL_Driver/Src/stm32f3xx_hal.o
 .debug_macro   0x00000000000021a7    0x12a4f Drivers/STM32F3xx_HAL_Driver/Src/stm32f3xx_hal.o
 .debug_macro   0x0000000000014bf6       0x43 Drivers/STM32F3xx_HAL_Driver/Src/stm32f3xx_hal.o
 .debug_macro   0x0000000000014c39       0x58 Drivers/STM32F3xx_HAL_Driver/Src/stm32f3xx_hal.o
 .debug_macro   0x0000000000014c91       0x17 Drivers/STM32F3xx_HAL_Driver/Src/stm32f3xx_hal.o
 .debug_macro   0x0000000000014ca8       0x35 Drivers/STM32F3xx_HAL_Driver/Src/stm32f3xx_hal.o
 .debug_macro   0x0000000000014cdd       0x9c Drivers/STM32F3xx_HAL_Driver/Src/stm32f3xx_hal.o
 .debug_macro   0x0000000000014d79       0x16 Drivers/STM32F3xx_HAL_Driver/Src/stm32f3xx_hal.o
 .debug_macro   0x0000000000014d8f       0x97 Drivers/STM32F3xx_HAL_Driver/Src/stm32f3xx_hal.o
 .debug_macro   0x0000000000014e26      0x330 Drivers/STM32F3xx_HAL_Driver/Src/stm32f3xx_hal.o
 .debug_macro   0x0000000000015156       0xfd Drivers/STM32F3xx_HAL_Driver/Src/stm32f3xx_hal.o
 .debug_macro   0x0000000000015253       0x10 Drivers/STM32F3xx_HAL_Driver/Src/stm32f3xx_hal.o
 .debug_macro   0x0000000000015263       0x58 Drivers/STM32F3xx_HAL_Driver/Src/stm32f3xx_hal.o
 .debug_macro   0x00000000000152bb       0x1f Drivers/STM32F3xx_HAL_Driver/Src/stm32f3xx_hal.o
 .debug_macro   0x00000000000152da       0x43 Drivers/STM32F3xx_HAL_Driver/Src/stm32f3xx_hal.o
 .debug_macro   0x000000000001531d       0x20 Drivers/STM32F3xx_HAL_Driver/Src/stm32f3xx_hal.o
 .debug_macro   0x000000000001533d      0x18e Drivers/STM32F3xx_HAL_Driver/Src/stm32f3xx_hal.o
 .debug_macro   0x00000000000154cb       0x10 Drivers/STM32F3xx_HAL_Driver/Src/stm32f3xx_hal.o
 .debug_macro   0x00000000000154db       0x1c Drivers/STM32F3xx_HAL_Driver/Src/stm32f3xx_hal.o
 .debug_macro   0x00000000000154f7       0x52 Drivers/STM32F3xx_HAL_Driver/Src/stm32f3xx_hal.o
 .debug_macro   0x0000000000015549       0x40 Drivers/STM32F3xx_HAL_Driver/Src/stm32f3xx_hal.o
 .debug_macro   0x0000000000015589       0x10 Drivers/STM32F3xx_HAL_Driver/Src/stm32f3xx_hal.o
 .debug_macro   0x0000000000015599       0x40 Drivers/STM32F3xx_HAL_Driver/Src/stm32f3xx_hal.o
 .debug_macro   0x00000000000155d9       0xd7 Drivers/STM32F3xx_HAL_Driver/Src/stm32f3xx_hal.o
 .debug_macro   0x00000000000156b0       0x1c Drivers/STM32F3xx_HAL_Driver/Src/stm32f3xx_hal.o
 .debug_macro   0x00000000000156cc       0x3d Drivers/STM32F3xx_HAL_Driver/Src/stm32f3xx_hal.o
 .debug_macro   0x0000000000015709       0x16 Drivers/STM32F3xx_HAL_Driver/Src/stm32f3xx_hal.o
 .debug_macro   0x000000000001571f      0x16f Drivers/STM32F3xx_HAL_Driver/Src/stm32f3xx_hal.o
 .debug_macro   0x000000000001588e       0x49 Drivers/STM32F3xx_HAL_Driver/Src/stm32f3xx_hal.o
 .debug_macro   0x00000000000158d7      0x968 Drivers/STM32F3xx_HAL_Driver/Src/stm32f3xx_hal.o
 .debug_macro   0x000000000001623f      0x5fe Drivers/STM32F3xx_HAL_Driver/Src/stm32f3xx_hal.o
 .debug_macro   0x000000000001683d      0x13a Drivers/STM32F3xx_HAL_Driver/Src/stm32f3xx_hal.o
 .debug_macro   0x0000000000016977      0x1fb Drivers/STM32F3xx_HAL_Driver/Src/stm32f3xx_hal.o
 .debug_macro   0x0000000000016b72      0x1bc Drivers/STM32F3xx_HAL_Driver/Src/stm32f3xx_hal.o
 .debug_macro   0x0000000000016d2e       0x31 Drivers/STM32F3xx_HAL_Driver/Src/stm32f3xx_hal.o
 .debug_macro   0x0000000000016d5f       0x3c Drivers/STM32F3xx_HAL_Driver/Src/stm32f3xx_hal.o
 .debug_macro   0x0000000000016d9b      0x23a Drivers/STM32F3xx_HAL_Driver/Src/stm32f3xx_hal.o
 .debug_macro   0x0000000000016fd5       0xcb Drivers/STM32F3xx_HAL_Driver/Src/stm32f3xx_hal.o
 .debug_macro   0x00000000000170a0      0x22b Drivers/STM32F3xx_HAL_Driver/Src/stm32f3xx_hal.o
 .debug_macro   0x00000000000172cb      0x209 Drivers/STM32F3xx_HAL_Driver/Src/stm32f3xx_hal.o
 .debug_macro   0x00000000000174d4       0x5b Drivers/STM32F3xx_HAL_Driver/Src/stm32f3xx_hal.o
 .debug_macro   0x000000000001752f       0x90 Drivers/STM32F3xx_HAL_Driver/Src/stm32f3xx_hal.o
 .debug_macro   0x00000000000175bf       0x82 Drivers/STM32F3xx_HAL_Driver/Src/stm32f3xx_hal.o
 .debug_macro   0x0000000000017641       0xd3 Drivers/STM32F3xx_HAL_Driver/Src/stm32f3xx_hal.o
 .debug_macro   0x0000000000017714      0x277 Drivers/STM32F3xx_HAL_Driver/Src/stm32f3xx_hal.o
 .debug_macro   0x000000000001798b      0x2f9 Drivers/STM32F3xx_HAL_Driver/Src/stm32f3xx_hal_cortex.o
 .debug_macro   0x0000000000017c84      0x331 Drivers/STM32F3xx_HAL_Driver/Src/stm32f3xx_hal_gpio.o
 .debug_macro   0x0000000000017fb5      0x31d Drivers/STM32F3xx_HAL_Driver/Src/stm32f3xx_hal_rcc.o
 .debug_macro   0x00000000000182d2      0x303 Src/gpio.o
 .debug_macro   0x00000000000185d5      0x307 Src/main.o
 .debug_macro   0x00000000000188dc      0x2f9 Src/stm32f3xx_hal_msp.o
 .debug_macro   0x0000000000018bd5      0x303 Src/stm32f3xx_it.o
 .debug_macro   0x0000000000018ed8      0x2ff Src/system_stm32f3xx.o

.debug_line     0x0000000000000000     0x53dd
 .debug_line    0x0000000000000000      0x98e Drivers/STM32F3xx_HAL_Driver/Src/stm32f3xx_hal.o
 .debug_line    0x000000000000098e      0xa47 Drivers/STM32F3xx_HAL_Driver/Src/stm32f3xx_hal_cortex.o
 .debug_line    0x00000000000013d5      0xa14 Drivers/STM32F3xx_HAL_Driver/Src/stm32f3xx_hal_gpio.o
 .debug_line    0x0000000000001de9      0xdfc Drivers/STM32F3xx_HAL_Driver/Src/stm32f3xx_hal_rcc.o
 .debug_line    0x0000000000002be5      0x7a5 Src/gpio.o
 .debug_line    0x000000000000338a      0x822 Src/main.o
 .debug_line    0x0000000000003bac      0x7a4 Src/stm32f3xx_hal_msp.o
 .debug_line    0x0000000000004350      0x83f Src/stm32f3xx_it.o
 .debug_line    0x0000000000004b8f      0x7cf Src/system_stm32f3xx.o
 .debug_line    0x000000000000535e       0x7f startup/startup_stm32f303xc.o

.debug_str      0x0000000000000000    0x8ae9b
 .debug_str     0x0000000000000000    0x8a1aa Drivers/STM32F3xx_HAL_Driver/Src/stm32f3xx_hal.o
                                      0x8a515 (size before relaxing)
 .debug_str     0x000000000008a1aa      0x40c Drivers/STM32F3xx_HAL_Driver/Src/stm32f3xx_hal_cortex.o
                                      0x8a5e9 (size before relaxing)
 .debug_str     0x000000000008a5b6      0x2ae Drivers/STM32F3xx_HAL_Driver/Src/stm32f3xx_hal_gpio.o
                                      0x89fad (size before relaxing)
 .debug_str     0x000000000008a864      0x40d Drivers/STM32F3xx_HAL_Driver/Src/stm32f3xx_hal_rcc.o
                                      0x8a1b7 (size before relaxing)
 .debug_str     0x000000000008ac71       0x35 Src/gpio.o
                                      0x8a1b9 (size before relaxing)
 .debug_str     0x000000000008aca6       0x73 Src/main.o
                                      0x8a32e (size before relaxing)
 .debug_str     0x000000000008ad19       0x1b Src/stm32f3xx_hal_msp.o
                                      0x8a108 (size before relaxing)
 .debug_str     0x000000000008ad34       0xc9 Src/stm32f3xx_it.o
                                      0x89d3c (size before relaxing)
 .debug_str     0x000000000008adfd       0x6e Src/system_stm32f3xx.o
                                      0x89d42 (size before relaxing)
 .debug_str     0x000000000008ae6b       0x30 startup/startup_stm32f303xc.o
                                         0x5e (size before relaxing)

.comment        0x0000000000000000       0x7e
 .comment       0x0000000000000000       0x7e Drivers/STM32F3xx_HAL_Driver/Src/stm32f3xx_hal.o
                                         0x7f (size before relaxing)
 .comment       0x000000000000007e       0x7f Drivers/STM32F3xx_HAL_Driver/Src/stm32f3xx_hal_cortex.o
 .comment       0x000000000000007e       0x7f Drivers/STM32F3xx_HAL_Driver/Src/stm32f3xx_hal_gpio.o
 .comment       0x000000000000007e       0x7f Drivers/STM32F3xx_HAL_Driver/Src/stm32f3xx_hal_rcc.o
 .comment       0x000000000000007e       0x7f Src/gpio.o
 .comment       0x000000000000007e       0x7f Src/main.o
 .comment       0x000000000000007e       0x7f Src/stm32f3xx_hal_msp.o
 .comment       0x000000000000007e       0x7f Src/stm32f3xx_it.o
 .comment       0x000000000000007e       0x7f Src/system_stm32f3xx.o

.debug_frame    0x0000000000000000      0x7d0
 .debug_frame   0x0000000000000000      0x1cc Drivers/STM32F3xx_HAL_Driver/Src/stm32f3xx_hal.o
 .debug_frame   0x00000000000001cc      0x17c Drivers/STM32F3xx_HAL_Driver/Src/stm32f3xx_hal_cortex.o
 .debug_frame   0x0000000000000348       0xfc Drivers/STM32F3xx_HAL_Driver/Src/stm32f3xx_hal_gpio.o
 .debug_frame   0x0000000000000444      0x190 Drivers/STM32F3xx_HAL_Driver/Src/stm32f3xx_hal_rcc.o
 .debug_frame   0x00000000000005d4       0x34 Src/gpio.o
 .debug_frame   0x0000000000000608       0x80 Src/main.o
 .debug_frame   0x0000000000000688       0x2c Src/stm32f3xx_hal_msp.o
 .debug_frame   0x00000000000006b4       0xc0 Src/stm32f3xx_it.o
 .debug_frame   0x0000000000000774       0x30 Src/system_stm32f3xx.o
 .debug_frame   0x00000000000007a4       0x2c /Applications/Ac6/SystemWorkbench.app/Contents/Eclipse/plugins/fr.ac6.mcu.externaltools.arm-none.macos64_1.16.0.201807130628/tools/compiler/bin/../lib/gcc/arm-none-eabi/7.2.1/../../../../arm-none-eabi/lib/thumb/v7e-m/fpv4-sp/hard/libc_nano.a(lib_a-init.o)
